main.c:156:14:clampf	24	static
main.c:169:13:PI_Reset	16	static
main.c:174:14:PI_Update	40	static
main.c:191:13:Power_ReadFeedback	16	static
main.c:212:13:Power_ApplyDuty	24	static
main.c:225:13:Power_ControlStep	24	static
main.c:243:13:Uart_SendSetpoints	112	static
main.c:263:13:LCD_DisplayLine	24	static
main.c:272:13:Oled_UpdateDisplay	192	static
main.c:311:12:Keypad_GetKey	4	static
main.c:316:13:Power_HandleKeyboard	16	static
main.c:388:5:main	16	static
main.c:506:6:SystemClock_Config	168	static
main.c:561:13:MX_ADC1_Init	56	static
main.c:633:13:MX_SPI1_Init	8	static
main.c:673:13:MX_TIM1_Init	120	static
main.c:756:13:MX_TIM2_Init	40	static
main.c:801:13:MX_USART1_UART_Init	8	static
main.c:847:13:MX_DMA_Init	16	static
main.c:866:13:MX_GPIO_Init	48	static
main.c:924:6:HAL_TIM_PeriodElapsedCallback	16	static
main.c:938:6:Error_Handler	4	static,ignoring_inline_asm
