../Core/Src/main.c:145:14:clampf	24	static
../Core/Src/main.c:158:13:PI_Reset	16	static
../Core/Src/main.c:163:14:PI_Update	40	static
../Core/Src/main.c:180:13:Power_ReadFeedback	16	static
../Core/Src/main.c:218:13:Power_ApplyDuty	24	static
../Core/Src/main.c:231:13:Power_ControlStep	24	static
../Core/Src/main.c:249:12:Keypad_GetKey	4	static
../Core/Src/main.c:254:13:Power_HandleKeyboard	16	static
../Core/Src/main.c:326:5:main	16	static
../Core/Src/main.c:407:6:SystemClock_Config	168	static
../Core/Src/main.c:462:13:MX_ADC1_Init	56	static
../Core/Src/main.c:535:13:MX_I2C3_Init	8	static
../Core/Src/main.c:581:13:MX_TIM1_Init	120	static
../Core/Src/main.c:664:13:MX_GPIO_Init	48	static
../Core/Src/main.c:718:6:Error_Handler	4	static,ignoring_inline_asm
